###############################################################################
#
# IAR ELF Linker V8.20.1.14183/W32 for ARM                23/Apr/2019  20:37:23
# Copyright 2007-2017 IAR Systems AB.
#
#    Output file  =  
#        D:\Development\SolderingStation\Firmware\EWARM\Firmware\Exe\Firmware.out
#    Map file     =  
#        D:\Development\SolderingStation\Firmware\EWARM\Firmware\List\Firmware.map
#    Command line =  
#        -f C:\Users\ChBRR\AppData\Local\Temp\EW7AAE.tmp
#        (D:\Development\SolderingStation\Firmware\EWARM\Firmware\Obj\lcd.o
#        D:\Development\SolderingStation\Firmware\EWARM\Firmware\Obj\lcd_delay.o
#        D:\Development\SolderingStation\Firmware\EWARM\Firmware\Obj\main.o
#        D:\Development\SolderingStation\Firmware\EWARM\Firmware\Obj\startup_stm32f030x6.o
#        D:\Development\SolderingStation\Firmware\EWARM\Firmware\Obj\stm32f0xx_hal.o
#        D:\Development\SolderingStation\Firmware\EWARM\Firmware\Obj\stm32f0xx_hal_adc.o
#        D:\Development\SolderingStation\Firmware\EWARM\Firmware\Obj\stm32f0xx_hal_adc_ex.o
#        D:\Development\SolderingStation\Firmware\EWARM\Firmware\Obj\stm32f0xx_hal_cortex.o
#        D:\Development\SolderingStation\Firmware\EWARM\Firmware\Obj\stm32f0xx_hal_dma.o
#        D:\Development\SolderingStation\Firmware\EWARM\Firmware\Obj\stm32f0xx_hal_flash.o
#        D:\Development\SolderingStation\Firmware\EWARM\Firmware\Obj\stm32f0xx_hal_flash_ex.o
#        D:\Development\SolderingStation\Firmware\EWARM\Firmware\Obj\stm32f0xx_hal_gpio.o
#        D:\Development\SolderingStation\Firmware\EWARM\Firmware\Obj\stm32f0xx_hal_i2c.o
#        D:\Development\SolderingStation\Firmware\EWARM\Firmware\Obj\stm32f0xx_hal_i2c_ex.o
#        D:\Development\SolderingStation\Firmware\EWARM\Firmware\Obj\stm32f0xx_hal_iwdg.o
#        D:\Development\SolderingStation\Firmware\EWARM\Firmware\Obj\stm32f0xx_hal_msp.o
#        D:\Development\SolderingStation\Firmware\EWARM\Firmware\Obj\stm32f0xx_hal_pwr.o
#        D:\Development\SolderingStation\Firmware\EWARM\Firmware\Obj\stm32f0xx_hal_pwr_ex.o
#        D:\Development\SolderingStation\Firmware\EWARM\Firmware\Obj\stm32f0xx_hal_rcc.o
#        D:\Development\SolderingStation\Firmware\EWARM\Firmware\Obj\stm32f0xx_hal_rcc_ex.o
#        D:\Development\SolderingStation\Firmware\EWARM\Firmware\Obj\stm32f0xx_hal_tim.o
#        D:\Development\SolderingStation\Firmware\EWARM\Firmware\Obj\stm32f0xx_hal_tim_ex.o
#        D:\Development\SolderingStation\Firmware\EWARM\Firmware\Obj\stm32f0xx_it.o
#        D:\Development\SolderingStation\Firmware\EWARM\Firmware\Obj\system_stm32f0xx.o
#        --redirect _Printf=_PrintfFull --redirect _Scanf=_ScanfFull -o
#        D:\Development\SolderingStation\Firmware\EWARM\Firmware\Exe\Firmware.out
#        --map
#        D:\Development\SolderingStation\Firmware\EWARM\Firmware\List\Firmware.map
#        --config
#        D:\Development\SolderingStation\Firmware\EWARM/stm32f030x6_flash.icf
#        --semihosting --entry __iar_program_start --no_exceptions --vfe
#        --text_out locale)
#
###############################################################################

*******************************************************************************
*** RUNTIME MODEL ATTRIBUTES
***

CppFlavor       = *
__SystemLibrary = DLib
__dlib_version  = 6


*******************************************************************************
*** HEAP SELECTION
***

The basic heap was selected because some modules are built with
size limitations (and not runtime checking), and --advanced_heap
was not specified.


*******************************************************************************
*** PLACEMENT SUMMARY
***

"A0":  place at 0x08000000 { ro section .intvec };
"P1":  place in [from 0x08000000 to 0x08007fff] { ro };
define block CSTACK with size = 1K, alignment = 8 { };
define block HEAP with size = 512, alignment = 8 { };
"P2":  place in [from 0x20000000 to 0x20000fff] {
          rw, block CSTACK, block HEAP };
initialize by copy { rw };

  Section            Kind        Address    Size  Object
  -------            ----        -------    ----  ------
"A0":                                       0xb0
  .intvec            ro code  0x08000000    0xb0  startup_stm32f030x6.o [1]
                            - 0x080000b0    0xb0

"P1":                                     0x27ce
  .text              ro code  0x080000b0   0x75c  main.o [1]
  .text              ro code  0x0800080c   0x660  stm32f0xx_hal_tim.o [1]
  .text              ro code  0x08000e6c   0x260  stm32f0xx_hal_gpio.o [1]
  .text              ro code  0x080010cc    0x20  stm32f0xx_hal.o [1]
  .text              ro code  0x080010ec   0x208  lcd.o [1]
  .text              ro code  0x080012f4    0x74  stm32f0xx_hal_iwdg.o [1]
  .text              ro code  0x08001368    0x20  stm32f0xx_hal.o [1]
  .text              ro code  0x08001388    0xd4  stm32f0xx_hal_adc_ex.o [1]
  .text              ro code  0x0800145c    0x24  stm32f0xx_hal_pwr.o [1]
  .text              ro code  0x08001480     0xc  stm32f0xx_hal.o [1]
  .text              ro code  0x0800148c    0xe0  I32DivModFast.o [4]
  .text              ro code  0x0800156c   0x530  stm32f0xx_hal_adc.o [1]
  .text              ro code  0x08001a9c   0x718  stm32f0xx_hal_rcc.o [1]
  .text              ro code  0x080021b4   0x136  stm32f0xx_hal_cortex.o [1]
  .text              ro code  0x080022ea     0x2  startup_stm32f030x6.o [1]
  .text              ro code  0x080022ec    0xec  stm32f0xx_hal_tim_ex.o [1]
  .text              ro code  0x080023d8   0x12c  stm32f0xx_hal_msp.o [1]
  .text              ro code  0x08002504     0x2  stm32f0xx_hal_tim.o [1]
  .text              ro code  0x08002506     0x2  stm32f0xx_hal_tim.o [1]
  .text              ro code  0x08002508     0x2  stm32f0xx_hal_tim.o [1]
  .text              ro code  0x0800250a     0x2  stm32f0xx_hal_tim.o [1]
  .text              ro code  0x0800250c     0x2  stm32f0xx_hal_tim_ex.o [1]
  .text              ro code  0x0800250e     0x2  stm32f0xx_hal_tim.o [1]
  .text              ro code  0x08002510     0x2  stm32f0xx_hal_tim_ex.o [1]
  .text              ro code  0x08002512    0x24  stm32f0xx_hal.o [1]
  .text              ro code  0x08002536     0x2  startup_stm32f030x6.o [1]
  CODE               ro code  0x08002538    0x14  lcd_delay.o [1]
  .text              ro code  0x0800254c     0x2  IntDivZer.o [4]
  .text              ro code  0x0800254e     0x2  startup_stm32f030x6.o [1]
  .text              ro code  0x08002550    0x34  ABImemcpy.o [4]
  .text              ro code  0x08002584    0x94  system_stm32f0xx.o [1]
  .text              ro code  0x08002618    0x3c  zero_init3.o [4]
  .text              ro code  0x08002654    0x38  stm32f0xx_it.o [1]
  .text              ro code  0x0800268c    0x10  stm32f0xx_hal.o [1]
  .rodata            const    0x0800269c    0x34  main.o [1]
  .text              ro code  0x080026d0    0x30  copy_init3.o [4]
  .text              ro code  0x08002700    0x28  data_init.o [4]
  .iar.init_table    const    0x08002728    0x24  - Linker created -
  .text              ro code  0x0800274c    0x1e  cmain.o [4]
  .text              ro code  0x0800276a     0x4  low_level_init.o [3]
  .text              ro code  0x0800276e     0x8  exit.o [3]
  .text              ro code  0x08002776     0x2  startup_stm32f030x6.o [1]
  .text              ro code  0x08002778     0xa  cexit.o [4]
  .text              ro code  0x08002782     0x2  startup_stm32f030x6.o [1]
  .text              ro code  0x08002784    0x14  exit.o [5]
  .rodata            const    0x08002798    0x14  main.o [1]
  .rodata            const    0x080027ac    0x14  main.o [1]
  .rodata            const    0x080027c0    0x14  main.o [1]
  .rodata            const    0x080027d4    0x14  main.o [1]
  .rodata            const    0x080027e8    0x14  main.o [1]
  .rodata            const    0x080027fc    0x14  main.o [1]
  .rodata            const    0x08002810    0x10  stm32f0xx_hal_rcc.o [1]
  .rodata            const    0x08002820    0x10  stm32f0xx_hal_rcc.o [1]
  .rodata            const    0x08002830    0x10  system_stm32f0xx.o [1]
  .text              ro code  0x08002840    0x10  startup_stm32f030x6.o [1]
  .text              ro code  0x08002850     0xc  cstartup_M.o [4]
  Initializer bytes  const    0x0800285c     0x8  <for P2-1>
  .text              ro code  0x08002864     0x2  startup_stm32f030x6.o [1]
  .text              ro code  0x08002866     0x2  startup_stm32f030x6.o [1]
  .text              ro code  0x08002868     0x2  startup_stm32f030x6.o [1]
  .text              ro code  0x0800286a     0x2  startup_stm32f030x6.o [1]
  .text              ro code  0x0800286c     0x2  startup_stm32f030x6.o [1]
  .text              ro code  0x0800286e     0x2  startup_stm32f030x6.o [1]
  .text              ro code  0x08002870     0x2  startup_stm32f030x6.o [1]
  .text              ro code  0x08002872     0x2  startup_stm32f030x6.o [1]
  .text              ro code  0x08002874     0x2  startup_stm32f030x6.o [1]
  .text              ro code  0x08002876     0x2  startup_stm32f030x6.o [1]
  .text              ro code  0x08002878     0x2  startup_stm32f030x6.o [1]
  .text              ro code  0x0800287a     0x2  startup_stm32f030x6.o [1]
  .text              ro code  0x0800287c     0x2  startup_stm32f030x6.o [1]
  .rodata            const    0x0800287e     0x0  zero_init3.o [4]
  .rodata            const    0x0800287e     0x0  copy_init3.o [4]
                            - 0x0800287e  0x27ce

"P2", part 1 of 3:                           0x8
  P2-1                        0x20000000     0x8  <Init block>
    .data            inited   0x20000000     0x4  main.o [1]
    .data            inited   0x20000004     0x4  system_stm32f0xx.o [1]
                            - 0x20000008     0x8

"P2", part 2 of 3:                         0x104
  .bss               zero     0x20000008    0x4c  main.o [1]
  .bss               zero     0x20000054    0x40  main.o [1]
  .bss               zero     0x20000094    0x40  main.o [1]
  .bss               zero     0x200000d4    0x10  main.o [1]
  .bss               zero     0x200000e4     0xc  lcd.o [1]
  .bss               zero     0x200000f0     0x4  main.o [1]
  .bss               zero     0x200000f4     0x4  main.o [1]
  .bss               zero     0x200000f8     0x4  main.o [1]
  .bss               zero     0x200000fc     0x4  main.o [1]
  .bss               zero     0x20000100     0x4  main.o [1]
  .bss               zero     0x20000104     0x4  main.o [1]
  .bss               zero     0x20000108     0x4  stm32f0xx_hal.o [1]
                            - 0x2000010c   0x104

"P2", part 3 of 3:                         0x400
  CSTACK                      0x20000110   0x400  <Block>
    CSTACK           uninit   0x20000110   0x400  <Block tail>
                            - 0x20000510   0x400


*******************************************************************************
*** INIT TABLE
***

          Address     Size
          -------     ----
Zero (__iar_zero_init3)
    1 destination range, total size 0x104:
          0x20000008  0x104

Copy (__iar_copy_init3)
    1 source range, total size 0x8:
          0x0800285c    0x8
    1 destination range, total size 0x8:
          0x20000000    0x8



*******************************************************************************
*** MODULE SUMMARY
***

    Module                  ro code  ro data  rw data
    ------                  -------  -------  -------
D:\Development\SolderingStation\Firmware\EWARM\Firmware\Obj: [1]
    lcd.o                       520                12
    lcd_delay.o                  20
    main.o                    1 884      176      248
    startup_stm32f030x6.o       228
    stm32f0xx_hal.o             128                 4
    stm32f0xx_hal_adc.o       1 328
    stm32f0xx_hal_adc_ex.o      212
    stm32f0xx_hal_cortex.o      310
    stm32f0xx_hal_gpio.o        608
    stm32f0xx_hal_iwdg.o        116
    stm32f0xx_hal_msp.o         300
    stm32f0xx_hal_pwr.o          36
    stm32f0xx_hal_rcc.o       1 816       32
    stm32f0xx_hal_tim.o       1 642
    stm32f0xx_hal_tim_ex.o      240
    stm32f0xx_it.o               56
    system_stm32f0xx.o          148       20        4
    -------------------------------------------------
    Total:                    9 592      228      268

command line: [2]
    -------------------------------------------------
    Total:

dl6M_tlf.a: [3]
    exit.o                        8
    low_level_init.o              4
    -------------------------------------------------
    Total:                       12

rt6M_tl.a: [4]
    ABImemcpy.o                  52
    I32DivModFast.o             224
    IntDivZer.o                   2
    cexit.o                      10
    cmain.o                      30
    copy_init3.o                 48
    cstartup_M.o                 12
    data_init.o                  40
    zero_init3.o                 60
    -------------------------------------------------
    Total:                      478

shb_l.a: [5]
    exit.o                       20
    -------------------------------------------------
    Total:                       20

    Linker created                        36    1 024
-----------------------------------------------------
    Grand Total:             10 102      264    1 292


*******************************************************************************
*** ENTRY LIST
***

Entry                      Address   Size  Type      Object
-----                      -------   ----  ----      ------
.iar.init_table$$Base   0x08002728          --   Gb  - Linker created -
.iar.init_table$$Limit  0x0800274c          --   Gb  - Linker created -
?main                   0x0800274d         Code  Gb  cmain.o [4]
ADC_Enable              0x080019df   0xa6  Code  Lc  stm32f0xx_hal_adc.o [1]
AHBPrescTable           0x08002830   0x10  Data  Gb  system_stm32f0xx.o [1]
CSTACK$$Base            0x20000110          --   Gb  - Linker created -
CSTACK$$Limit           0x20000510          --   Gb  - Linker created -
EXTI4_15_IRQHandler     0x08002671    0xc  Code  Gb  stm32f0xx_it.o [1]
HAL_ADCEx_Calibration_Start
                        0x08001389   0xd4  Code  Gb  stm32f0xx_hal_adc_ex.o [1]
HAL_ADC_ConfigChannel   0x08001877  0x168  Code  Gb  stm32f0xx_hal_adc.o [1]
HAL_ADC_GetValue        0x08001871    0x6  Code  Gb  stm32f0xx_hal_adc.o [1]
HAL_ADC_Init            0x0800156d  0x1ba  Code  Gb  stm32f0xx_hal_adc.o [1]
HAL_ADC_MspInit         0x0800241b   0x44  Code  Gb  stm32f0xx_hal_msp.o [1]
HAL_ADC_PollForConversion
                        0x08001799   0xcc  Code  Gb  stm32f0xx_hal_adc.o [1]
HAL_ADC_Start           0x08001727   0x6a  Code  Gb  stm32f0xx_hal_adc.o [1]
HAL_Delay               0x08001369   0x20  Code  Wk  stm32f0xx_hal.o [1]
HAL_GPIO_EXTI_Callback  0x080000c5   0x24  Code  Gb  main.o [1]
HAL_GPIO_EXTI_IRQHandler
                        0x08001083   0x20  Code  Gb  stm32f0xx_hal_gpio.o [1]
HAL_GPIO_Init           0x08000e6d  0x1e0  Code  Gb  stm32f0xx_hal_gpio.o [1]
HAL_GPIO_ReadPin        0x0800104d   0x18  Code  Gb  stm32f0xx_hal_gpio.o [1]
HAL_GPIO_TogglePin      0x08001079    0xa  Code  Gb  stm32f0xx_hal_gpio.o [1]
HAL_GPIO_WritePin       0x08001065   0x14  Code  Gb  stm32f0xx_hal_gpio.o [1]
HAL_GetTick             0x08001481    0xc  Code  Wk  stm32f0xx_hal.o [1]
HAL_IWDG_Init           0x080012f5   0x5c  Code  Gb  stm32f0xx_hal_iwdg.o [1]
HAL_IWDG_Refresh        0x08001351    0xc  Code  Gb  stm32f0xx_hal_iwdg.o [1]
HAL_IncTick             0x0800268d   0x10  Code  Wk  stm32f0xx_hal.o [1]
HAL_Init                0x080010cd   0x1c  Code  Gb  stm32f0xx_hal.o [1]
HAL_InitTick            0x08002513   0x24  Code  Wk  stm32f0xx_hal.o [1]
HAL_MspInit             0x080023d9   0x42  Code  Gb  stm32f0xx_hal_msp.o [1]
HAL_NVIC_EnableIRQ      0x0800228d    0xe  Code  Gb  stm32f0xx_hal_cortex.o [1]
HAL_NVIC_SetPriority    0x08002279   0x14  Code  Gb  stm32f0xx_hal_cortex.o [1]
HAL_PWR_EnterSLEEPMode  0x0800145d   0x20  Code  Gb  stm32f0xx_hal_pwr.o [1]
HAL_RCC_CSSCallback     0x08000141    0xc  Code  Gb  main.o [1]
HAL_RCC_ClockConfig     0x08001f61  0x15e  Code  Gb  stm32f0xx_hal_rcc.o [1]
HAL_RCC_EnableCSS       0x080020bf   0x10  Code  Gb  stm32f0xx_hal_rcc.o [1]
HAL_RCC_GetHCLKFreq     0x0800215b    0x6  Code  Gb  stm32f0xx_hal_rcc.o [1]
HAL_RCC_GetSysClockFreq
                        0x080020e5   0x76  Code  Gb  stm32f0xx_hal_rcc.o [1]
HAL_RCC_NMI_IRQHandler  0x08002169   0x16  Code  Gb  stm32f0xx_hal_rcc.o [1]
HAL_RCC_OscConfig       0x08001a9d  0x4a6  Code  Gb  stm32f0xx_hal_rcc.o [1]
HAL_SYSTICK_CLKSourceConfig
                        0x080022a7   0x22  Code  Gb  stm32f0xx_hal_cortex.o [1]
HAL_SYSTICK_Config      0x0800229b    0xc  Code  Gb  stm32f0xx_hal_cortex.o [1]
HAL_SYSTICK_IRQHandler  0x080022e1    0x8  Code  Gb  stm32f0xx_hal_cortex.o [1]
HAL_TIMEx_BreakCallback
                        0x0800250d    0x2  Code  Wk  stm32f0xx_hal_tim_ex.o [1]
HAL_TIMEx_CommutationCallback
                        0x08002511    0x2  Code  Wk  stm32f0xx_hal_tim_ex.o [1]
HAL_TIMEx_ConfigBreakDeadTime
                        0x08002349   0x72  Code  Gb  stm32f0xx_hal_tim_ex.o [1]
HAL_TIMEx_MasterConfigSynchronization
                        0x080022ed   0x5c  Code  Gb  stm32f0xx_hal_tim_ex.o [1]
HAL_TIM_Base_Init       0x0800080d   0x38  Code  Gb  stm32f0xx_hal_tim.o [1]
HAL_TIM_Base_MspInit    0x08002487   0x3a  Code  Gb  stm32f0xx_hal_msp.o [1]
HAL_TIM_Base_Start_IT   0x08000845   0x1e  Code  Gb  stm32f0xx_hal_tim.o [1]
HAL_TIM_IRQHandler      0x0800094d  0x182  Code  Gb  stm32f0xx_hal_tim.o [1]
HAL_TIM_MspPostInit     0x080024c1   0x32  Code  Gb  stm32f0xx_hal_msp.o [1]
HAL_TIM_OnePulse_Init   0x080008fd   0x50  Code  Gb  stm32f0xx_hal_tim.o [1]
HAL_TIM_PWM_ConfigChannel
                        0x08000acf  0x104  Code  Gb  stm32f0xx_hal_tim.o [1]
HAL_TIM_PWM_Init        0x08000863   0x38  Code  Gb  stm32f0xx_hal_tim.o [1]
HAL_TIM_PWM_MspInit     0x0800245f   0x28  Code  Gb  stm32f0xx_hal_msp.o [1]
HAL_TIM_PWM_Start       0x0800089b   0x52  Code  Gb  stm32f0xx_hal_tim.o [1]
HAL_TIM_PeriodElapsedCallback
                        0x080000e9   0x58  Code  Gb  main.o [1]
HardFault_Handler       0x0800265d    0x4  Code  Gb  stm32f0xx_it.o [1]
MX_ADC_Init             0x080004bd   0xae  Code  Lc  main.o [1]
MX_GPIO_Init            0x08000701   0xcc  Code  Lc  main.o [1]
MX_IWDG_Init            0x08000575   0x32  Code  Lc  main.o [1]
MX_TIM17_Init           0x080006a5   0x58  Code  Lc  main.o [1]
MX_TIM1_Init            0x080005b9   0xd8  Code  Lc  main.o [1]
NMI_Handler             0x08002655    0x8  Code  Gb  stm32f0xx_it.o [1]
NVIC_EnableIRQ          0x080021b5    0xe  Code  Lc  stm32f0xx_hal_cortex.o [1]
NVIC_SetPriority        0x080021c3   0x84  Code  Lc  stm32f0xx_hal_cortex.o [1]
NVIC_SystemReset        0x080000b1   0x14  Code  Lc  main.o [1]
PendSV_Handler          0x08002663    0x2  Code  Gb  stm32f0xx_it.o [1]
Region$$Table$$Base     0x08002728          --   Gb  - Linker created -
Region$$Table$$Limit    0x0800274c          --   Gb  - Linker created -
SVC_Handler             0x08002661    0x2  Code  Gb  stm32f0xx_it.o [1]
SysTick_Config          0x08002247   0x32  Code  Lc  stm32f0xx_hal_cortex.o [1]
SysTick_Handler         0x08002665    0xc  Code  Gb  stm32f0xx_it.o [1]
SystemClock_Config      0x08000431   0x78  Code  Gb  main.o [1]
SystemCoreClock         0x20000004    0x4  Data  Gb  system_stm32f0xx.o [1]
SystemInit              0x08002585   0x68  Code  Gb  system_stm32f0xx.o [1]
TIM17_IRQHandler        0x0800267d    0xa  Code  Gb  stm32f0xx_it.o [1]
TIM_Base_SetConfig      0x08000bd9   0x70  Code  Gb  stm32f0xx_hal_tim.o [1]
TIM_CCxChannelCmd       0x08000e51   0x1c  Code  Gb  stm32f0xx_hal_tim.o [1]
TIM_OC1_SetConfig       0x08000c49   0x7a  Code  Lc  stm32f0xx_hal_tim.o [1]
TIM_OC2_SetConfig       0x08000cc3   0x78  Code  Gb  stm32f0xx_hal_tim.o [1]
TIM_OC3_SetConfig       0x08000d3b   0x7a  Code  Lc  stm32f0xx_hal_tim.o [1]
TIM_OC4_SetConfig       0x08000dbd   0x5e  Code  Lc  stm32f0xx_hal_tim.o [1]
_Error_Handler          0x08000801    0xc  Code  Gb  main.o [1]
__ICFEDIT_region_RAM_end__ {Abs}
                        0x20000fff         Data  Gb  command line/config [2]
__ICFEDIT_region_RAM_start__ {Abs}
                        0x20000000         Data  Gb  command line/config [2]
__aeabi_idiv            0x080014b9         Code  Gb  I32DivModFast.o [4]
__aeabi_idiv0           0x0800254d         Code  Gb  IntDivZer.o [4]
__aeabi_idivmod         0x080014b9         Code  Gb  I32DivModFast.o [4]
__aeabi_memcpy4         0x08002551         Code  Wk  ABImemcpy.o [4]
__aeabi_uidiv           0x080014bf         Code  Gb  I32DivModFast.o [4]
__aeabi_uidivmod        0x080014bf         Code  Gb  I32DivModFast.o [4]
__cmain                 0x0800274d         Code  Gb  cmain.o [4]
__exit                  0x08002785   0x14  Code  Gb  exit.o [5]
__iar_copy_init3        0x080026d1   0x30  Code  Gb  copy_init3.o [4]
__iar_data_init3        0x08002701   0x28  Code  Gb  data_init.o [4]
__iar_program_start     0x08002851         Code  Gb  cstartup_M.o [4]
__iar_systems$$module {Abs}
                        0x00000001         Data  Gb  command line/config [2]
__iar_zero_init3        0x08002619   0x3c  Code  Gb  zero_init3.o [4]
__low_level_init        0x0800276b    0x4  Code  Gb  low_level_init.o [3]
__vector_table          0x08000000         Data  Gb  startup_stm32f030x6.o [1]
_call_main              0x08002759         Code  Gb  cmain.o [4]
_exit                   0x08002779         Code  Gb  cexit.o [4]
_main                   0x08002767         Code  Gb  cmain.o [4]
current                 0x200000fc    0x4  Data  Gb  main.o [1]
digits                  0x200000e4    0xc  Data  Gb  lcd.o [1]
exit                    0x0800276f    0x8  Code  Gb  exit.o [3]
hadc                    0x20000008   0x4c  Data  Gb  main.o [1]
hal_tick                0x200000f0    0x4  Data  Gb  main.o [1]
hal_tick_prev           0x200000f4    0x4  Data  Gb  main.o [1]
hiwdg                   0x200000d4   0x10  Data  Gb  main.o [1]
htim1                   0x20000054   0x40  Data  Gb  main.o [1]
htim17                  0x20000094   0x40  Data  Gb  main.o [1]
lcd_clear               0x080012b5   0x12  Code  Gb  lcd.o [1]
lcd_command             0x08001181   0x4a  Code  Gb  lcd.o [1]
lcd_delay               0x08002539         Code  Gb  lcd_delay.o [1]
lcd_position            0x080012a5   0x10  Code  Gb  lcd.o [1]
lcd_printc              0x080011cb   0x4a  Code  Gb  lcd.o [1]
lcd_printd              0x0800122d   0x48  Code  Gb  lcd.o [1]
lcd_printd2             0x08001275   0x24  Code  Gb  lcd.o [1]
lcd_prints              0x08001215   0x18  Code  Gb  lcd.o [1]
lcd_pulse               0x080012c9   0x2c  Code  Gb  lcd.o [1]
main                    0x08000171  0x2ac  Code  Gb  main.o [1]
oled_init               0x080010ed   0x94  Code  Gb  lcd.o [1]
power                   0x20000100    0x4  Data  Gb  main.o [1]
power_prev              0x20000104    0x4  Data  Gb  main.o [1]
tip_delay               0x20000000    0x4  Data  Gb  main.o [1]
uwTick                  0x20000108    0x4  Data  Gb  stm32f0xx_hal.o [1]
voltage                 0x200000f8    0x4  Data  Gb  main.o [1]


[1] = D:\Development\SolderingStation\Firmware\EWARM\Firmware\Obj
[2] = command line
[3] = dl6M_tlf.a
[4] = rt6M_tl.a
[5] = shb_l.a

  10 102 bytes of readonly  code memory
     264 bytes of readonly  data memory
   1 292 bytes of readwrite data memory

Errors: none
Warnings: none
